// Jest Snapshot v1, https://goo.gl/fbAQLP

exports[`ComicsList matches snapshot 1`] = `
<DocumentFragment>
  <ul
    class="MuiImageList-root MuiImageList-standard css-610zjv-MuiImageList-root"
    data-testid="comics-list"
    style="grid-template-columns: repeat(2, 1fr); gap: 4px;"
  >
    <li
      class="MuiImageListItem-root css-l086p4-MuiImageListItem-root"
      style="height: auto; grid-column-end: span 1; grid-row-end: span 1;"
    >
      <img
        class="MuiImageListItem-img"
        src="test/path1.jpg"
      />
      <div
        class="MuiImageListItemBar-root MuiImageListItemBar-positionBottom css-ztrqiq-MuiImageListItemBar-root"
        data-testid="image-list-item-bar"
      >
        <div
          class="MuiImageListItemBar-titleWrap MuiImageListItemBar-titleWrapBottom MuiImageListItemBar-titleWrapActionPosRight css-14q7c0c-MuiImageListItemBar-titleWrap"
        >
          <div
            class="MuiImageListItemBar-title css-dasnyc-MuiImageListItemBar-title"
          >
            Comic 1
          </div>
        </div>
        <div
          class="MuiImageListItemBar-actionIcon MuiImageListItemBar-actionIconActionPosRight css-mjbero-MuiImageListItemBar-actionIcon"
        >
          <button
            aria-label="info about Comic 1"
            class="MuiButtonBase-root MuiIconButton-root MuiIconButton-sizeMedium css-1lujp9z-MuiButtonBase-root-MuiIconButton-root"
            data-mui-internal-clone-element="true"
            tabindex="0"
            type="button"
          >
            <svg
              aria-hidden="true"
              class="MuiSvgIcon-root MuiSvgIcon-fontSizeMedium css-i4bv87-MuiSvgIcon-root"
              data-testid="InfoIcon"
              focusable="false"
              viewBox="0 0 24 24"
            >
              <path
                d="M12 2C6.48 2 2 6.48 2 12s4.48 10 10 10 10-4.48 10-10S17.52 2 12 2zm1 15h-2v-6h2v6zm0-8h-2V7h2v2z"
              />
            </svg>
            <span
              class="MuiTouchRipple-root css-8je8zh-MuiTouchRipple-root"
            />
          </button>
        </div>
      </div>
    </li>
    <li
      class="MuiImageListItem-root css-l086p4-MuiImageListItem-root"
      style="height: auto; grid-column-end: span 1; grid-row-end: span 1;"
    >
      <img
        class="MuiImageListItem-img"
        src="test/path2.jpg"
      />
      <div
        class="MuiImageListItemBar-root MuiImageListItemBar-positionBottom css-ztrqiq-MuiImageListItemBar-root"
        data-testid="image-list-item-bar"
      >
        <div
          class="MuiImageListItemBar-titleWrap MuiImageListItemBar-titleWrapBottom MuiImageListItemBar-titleWrapActionPosRight css-14q7c0c-MuiImageListItemBar-titleWrap"
        >
          <div
            class="MuiImageListItemBar-title css-dasnyc-MuiImageListItemBar-title"
          >
            Comic 2
          </div>
        </div>
        <div
          class="MuiImageListItemBar-actionIcon MuiImageListItemBar-actionIconActionPosRight css-mjbero-MuiImageListItemBar-actionIcon"
        >
          <button
            aria-label="info about Comic 2"
            class="MuiButtonBase-root MuiIconButton-root MuiIconButton-sizeMedium css-1lujp9z-MuiButtonBase-root-MuiIconButton-root"
            data-mui-internal-clone-element="true"
            tabindex="0"
            type="button"
          >
            <svg
              aria-hidden="true"
              class="MuiSvgIcon-root MuiSvgIcon-fontSizeMedium css-i4bv87-MuiSvgIcon-root"
              data-testid="InfoIcon"
              focusable="false"
              viewBox="0 0 24 24"
            >
              <path
                d="M12 2C6.48 2 2 6.48 2 12s4.48 10 10 10 10-4.48 10-10S17.52 2 12 2zm1 15h-2v-6h2v6zm0-8h-2V7h2v2z"
              />
            </svg>
            <span
              class="MuiTouchRipple-root css-8je8zh-MuiTouchRipple-root"
            />
          </button>
        </div>
      </div>
    </li>
  </ul>
</DocumentFragment>
`;
