// Jest Snapshot v1, https://goo.gl/fbAQLP

exports[`DetailsModal matches snapshot 1`] = `<DocumentFragment />`;
